> Task :app:checkKotlinGradlePluginConfigurationErrors SKIPPED
> Task :app:preBuild UP-TO-DATE
> Task :app:preDebugBuild UP-TO-DATE
> Task :app:generateDebugBuildConfig UP-TO-DATE
> Task :app:checkDebugAarMetadata UP-TO-DATE
> Task :app:processDebugNavigationResources UP-TO-DATE
> Task :app:compileDebugNavigationResources UP-TO-DATE
> Task :app:generateDebugResValues UP-TO-DATE
> Task :app:processDebugGoogleServices UP-TO-DATE
> Task :app:mapDebugSourceSetPaths UP-TO-DATE
> Task :app:generateDebugResources UP-TO-DATE
> Task :app:mergeDebugResources UP-TO-DATE
> Task :app:packageDebugResources UP-TO-DATE
> Task :app:parseDebugLocalResources UP-TO-DATE
> Task :app:createDebugCompatibleScreenManifests UP-TO-DATE
> Task :app:extractDeepLinksDebug UP-TO-DATE
> Task :app:processDebugMainManifest UP-TO-DATE
> Task :app:processDebugManifest UP-TO-DATE
> Task :app:processDebugManifestForPackage UP-TO-DATE
> Task :app:processDebugResources UP-TO-DATE
> Task :app:compileDebugKotlin
w: file:///C:/Users/Athul%20Rajesh/AndroidStudioProjects/paryavarankavalu3/app/src/main/java/com/paryavarankavalu/paryavarankavalu/repository/AppRepository.kt:102:44 Unchecked cast of 'kotlin.Any?' to 'kotlin.collections.List<kotlin.String>'.
w: file:///C:/Users/Athul%20Rajesh/AndroidStudioProjects/paryavarankavalu3/app/src/main/java/com/paryavarankavalu/paryavarankavalu/service/LocationUtils.kt:53:42 'fun getFromLocation(p0: Double, p1: Double, p2: Int): (MutableList<Address!>?..List<Address!>?)' is deprecated. Deprecated in Java.
w: file:///C:/Users/Athul%20Rajesh/AndroidStudioProjects/paryavarankavalu3/app/src/main/java/com/paryavarankavalu/paryavarankavalu/ui/theme/Theme.kt:117:20 'var statusBarColor: Int' is deprecated. Deprecated in Java.
w: file:///C:/Users/Athul%20Rajesh/AndroidStudioProjects/paryavarankavalu3/app/src/main/java/com/paryavarankavalu/paryavarankavalu/uii/screen/MapScreen.kt:606:9 'fun Divider(modifier: Modifier = ..., thickness: Dp = ..., color: Color = ...): Unit' is deprecated. Renamed to HorizontalDivider.
w: file:///C:/Users/Athul%20Rajesh/AndroidStudioProjects/paryavarankavalu3/app/src/main/java/com/paryavarankavalu/paryavarankavalu/uii/screen/Reportscreen.kt:135:44 'val Icons.Filled.ArrowBack: ImageVector' is deprecated. Use the AutoMirrored version at Icons.AutoMirrored.Filled.ArrowBack.
w: file:///C:/Users/Athul%20Rajesh/AndroidStudioProjects/paryavarankavalu3/app/src/main/java/com/paryavarankavalu/paryavarankavalu/uii/screen/Reportscreen.kt:208:26 'val LocalLifecycleOwner: ProvidableCompositionLocal<LifecycleOwner>' is deprecated. Moved to lifecycle-runtime-compose library in androidx.lifecycle.compose package.

[Incubating] Problems report is available at: file:///C:/Users/Athul%20Rajesh/AndroidStudioProjects/paryavarankavalu3/build/reports/problems/problems-report.html

Deprecated Gradle features were used in this build, making it incompatible with Gradle 10.

You can use '--warning-mode all' to show the individual deprecation warnings and determine if they come from your own scripts or plugins.

For more on this, please refer to https://docs.gradle.org/9.2.1/userguide/command_line_interface.html#sec:command_line_warnings in the Gradle documentation.

BUILD SUCCESSFUL in 1m 33s
18 actionable tasks: 1 executed, 17 up-to-date
Consider enabling configuration cache to speed up this build: https://docs.gradle.org/9.2.1/userguide/configuration_cache_enabling.html
